---
source: tui/src/chatwidget/tests/reasoning_status_tests.rs
expression: details
---
[
    None,
    Some(
        "Researching backend freshness",
    ),
    Some(
        "Researching backend freshness",
    ),
    Some(
        "Researching backend freshness",
    ),
    Some(
        "Researching backend freshness",
    ),
    Some(
        "No summary heading is available.",
    ),
    Some(
        "Preparing evidence report",
    ),
]
