---
source: tui/src/chatwidget/tests/reasoning_status_tests.rs
expression: terminal.backend()
---
"• Working (42s • esc to interrupt) · 1 background terminal running · /ps to vie…"
"  └ Preparing evidence report                                                   "
"                                                                                "
